\BOOKMARK [1][-]{section*.1}{\376\377\000A\000b\000s\000t\000r\000a\000c\000t}{}% 1
\BOOKMARK [1][-]{toc.1}{\376\377\000T\000a\000b\000l\000e\000\040\000o\000f\000\040\000C\000o\000n\000t\000e\000n\000t\000s}{}% 2
\BOOKMARK [1][-]{section*.2}{\376\377\000L\000i\000s\000t\000\040\000o\000f\000\040\000F\000i\000g\000u\000r\000e\000s}{}% 3
\BOOKMARK [1][-]{section*.3}{\376\377\000L\000i\000s\000t\000\040\000o\000f\000\040\000T\000a\000b\000l\000e\000s}{}% 4
\BOOKMARK [1][-]{section*.4}{\376\377\000L\000i\000s\000t\000\040\000o\000f\000\040\000S\000y\000m\000b\000o\000l\000s}{}% 5
\BOOKMARK [1][-]{section*.5}{\376\377\000L\000i\000s\000t\000\040\000o\000f\000\040\000A\000b\000b\000r\000e\000v\000i\000a\000t\000i\000o\000n\000s}{}% 6
\BOOKMARK [1][-]{section*.6}{\376\377\000A\000c\000k\000n\000o\000w\000l\000e\000d\000g\000m\000e\000n\000t\000s}{}% 7
\BOOKMARK [1][-]{section*.7}{\376\377\000D\000e\000d\000i\000c\000a\000t\000i\000o\000n}{}% 8
\BOOKMARK [1][-]{section*.8}{\376\377\000I\000n\000t\000r\000o\000d\000u\000c\000t\000i\000o\000n}{}% 9
\BOOKMARK [1][-]{section*.9}{\376\377\000M\000y\000\040\000f\000i\000r\000s\000t\000\040\000c\000h\000a\000p\000t\000e\000r\000\040\000w\000i\000t\000h\000\040\000s\000o\000m\000e\000\040\000g\000o\000o\000d\000\040\000c\000o\000n\000t\000e\000n\000t}{}% 10
\BOOKMARK [2][-]{subsection.2.1}{\376\377\000L\000e\000v\000e\000l\000\040\0001}{section*.9}% 11
\BOOKMARK [3][-]{subsubsection.2.1.1}{\376\377\000L\000e\000v\000e\000l\000\040\0002}{subsection.2.1}% 12
\BOOKMARK [2][-]{subsection.2.2}{\376\377\000H\000e\000r\000e\000\040\000i\000s\000\040\000a\000n\000\040\000e\000x\000a\000m\000p\000l\000e\000\040\000o\000f\000\040\000p\000l\000a\000c\000i\000n\000g\000\040\000a\000\040\000s\000u\000b\000s\000u\000b\000-\000s\000e\000c\000t\000i\000o\000n\000\040\000r\000i\000g\000h\000t\000\040\000a\000f\000t\000e\000r\000\040\000t\000h\000e\000\040\000s\000u\000b\000-\000s\000e\000c\000t\000i\000o\000n}{section*.9}% 13
\BOOKMARK [3][-]{subsubsection.2.2.1}{\376\377\000H\000e\000r\000e\000\040\000i\000s\000\040\000t\000h\000e\000\040\000t\000i\000t\000l\000e\000\040\000o\000f\000\040\000m\000y\000\040\000s\000u\000b\000s\000u\000b\000-\000s\000e\000c\000t\000i\000o\000n\000.\000\040\000I\000\040\000w\000i\000l\000l\000\040\000b\000e\000\040\000r\000e\000f\000e\000r\000e\000n\000c\000i\000n\000g\000\040\000t\000h\000e\000\040\000c\000u\000r\000r\000e\000n\000t\000\040\000c\000h\000a\000p\000t\000e\000r\000\040\000n\000u\000m\000b\000e\000r}{subsection.2.2}% 14
\BOOKMARK [1][-]{section*.10}{\376\377\000T\000h\000i\000s\000\040\000i\000s\000\040\000a\000\040\000l\000o\000n\000g\000\040\000t\000i\000t\000l\000e\000\040\000t\000o\000\040\000c\000h\000e\000c\000k\000\040\000t\000h\000e\000\040\000p\000r\000o\000p\000e\000r\000\040\000s\000p\000a\000c\000i\000n\000g\000\040\000i\000n\000\040\000t\000h\000e\000\040\000T\000a\000b\000l\000e\000\040\000o\000f\000\040\000C\000o\000n\000t\000e\000n\000t\000s\000\040\000a\000n\000d\000\040\000i\000n\000v\000e\000r\000s\000e\000\040\000p\000y\000r\000a\000m\000i\000d\000\040\000o\000n\000\040\000t\000h\000e\000\040\000c\000h\000a\000p\000t\000e\000r\000\040\000p\000a\000g\000e\000.\000\040\000L\000e\000t\000s\000\040\000s\000e\000e\000\040\000i\000f\000\040\000i\000t\000\040\000w\000o\000r\000k\000s\000\040\000p\000r\000o\000p\000e\000r\000l\000y\000.\000\040\000W\000h\000a\000t\000\040\000i\000f\000\040\000I\000\040\000a\000d\000d\000\040\000e\000n\000o\000u\000g\000h\000\040\000t\000e\000x\000t\000\040\000s\000o\000\040\000t\000h\000a\000t\000\040\000t\000h\000e\000r\000e\000\040\000a\000r\000e\000\040\000l\000i\000k\000e\000\040\000t\000h\000r\000e\000e\000\040\000o\000r\000\040\000f\000o\000u\000r\000\040\000l\000i\000n\000e\000s\000\040\000h\000e\000r\000e\000,\000\040\000d\000o\000e\000s\000\040\000i\000t\000\040\000c\000h\000a\000n\000g\000e\000\040\000t\000h\000e\000\040\000w\000a\000y\000\040\000i\000t\000\040\000l\000o\000o\000k\000s\000.}{}% 15
\BOOKMARK [2][-]{subsection.3.1}{\376\377\000A\000\040\000F\000i\000g\000u\000r\000e}{section*.10}% 16
\BOOKMARK [2][-]{subsection.3.2}{\376\377\000C\000i\000t\000i\000n\000g\000\040\000a\000n\000d\000\040\000r\000e\000f\000e\000r\000e\000n\000c\000i\000n\000g\000\040\000t\000h\000i\000n\000g\000s}{section*.10}% 17
\BOOKMARK [2][-]{subsection.3.3}{\376\377\000H\000e\000r\000e\000\040\000i\000s\000\040\000a\000\040\000t\000e\000s\000t\000\040\000o\000f\000\040\000a\000\040\000r\000e\000a\000l\000l\000y\000\040\000l\000o\000n\000g\000\040\000s\000u\000b\000-\000h\000e\000a\000d\000e\000r\000\040\000t\000i\000t\000l\000e\000\040\000t\000h\000a\000t\000\040\000s\000h\000o\000u\000l\000d\000\040\000a\000u\000t\000o\000m\000a\000t\000i\000c\000a\000l\000l\000y\000\040\000f\000o\000l\000l\000o\000w\000\040\000t\000h\000e\000\040\000r\000u\000l\000e\000s\000\040\000f\000o\000r\000\040\000s\000e\000t\000\040\000f\000o\000r\000\040\000t\000h\000e\000\040\000T\000e\000m\000p\000l\000e\000\040\000G\000u\000i\000d\000e\000l\000i\000n\000e\000s\000\040\000a\000n\000d\000\040\000c\000h\000e\000c\000k\000\040\000i\000f\000\040\000i\000t\000\040\000p\000r\000o\000p\000e\000r\000l\000y\000\040\000s\000h\000o\000w\000s\000\040\000u\000p\000\040\000i\000n\000\040\000t\000h\000e\000\040\000t\000a\000b\000l\000e\000\040\000o\000f\000\040\000c\000o\000n\000t\000e\000n\000t\000.\000\040}{section*.10}% 18
\BOOKMARK [1][-]{section*.13}{\376\377\000Y\000o\000u\000r\000\040\000J\000o\000u\000r\000n\000a\000l\000\040\000P\000a\000p\000e\000r\000\040\000T\000i\000t\000l\000e\000\040\000G\000o\000e\000s\000\040\000H\000e\000r\000e\000\040}{}% 19
\BOOKMARK [2][-]{subsection.4.1}{\376\377\000A\000b\000s\000t\000r\000a\000c\000t}{section*.13}% 20
\BOOKMARK [2][-]{subsection.4.2}{\376\377\000I\000n\000t\000r\000o\000d\000u\000c\000t\000i\000o\000n}{section*.13}% 21
\BOOKMARK [2][-]{subsection.4.3}{\376\377\000P\000e\000r\000m\000i\000s\000s\000i\000o\000n\000s}{section*.13}% 22
\BOOKMARK [2][-]{subsection.4.4}{\376\377\000T\000h\000e\000\040\000n\000e\000x\000t\000\040\000s\000e\000c\000t\000i\000o\000n\000\040\000o\000f\000\040\000t\000h\000e\000\040\000p\000a\000p\000e\000r}{section*.13}% 23
\BOOKMARK [1][-]{section*.14}{\376\377\000T\000h\000i\000s\000\040\000i\000s\000\040\000t\000h\000e\000\040\000t\000i\000t\000l\000e\000\040\000o\000f\000\040\000a\000\040\000p\000a\000p\000e\000r\000\040\000i\000n\000c\000l\000u\000d\000e\000d\000\040\000i\000n\000\040\000a\000\040\000t\000h\000e\000s\000i\000s}{}% 24
\BOOKMARK [2][-]{subsection.5.1}{\376\377\000A\000b\000s\000t\000r\000a\000c\000t}{section*.14}% 25
\BOOKMARK [2][-]{subsection.5.2}{\376\377\000I\000n\000t\000r\000o\000d\000u\000c\000t\000i\000o\000n}{section*.14}% 26
\BOOKMARK [1][-]{section*.15}{\376\377\000E\000x\000a\000m\000p\000l\000e\000s\000\040\000o\000f\000\040\000F\000i\000g\000u\000r\000e\000s}{}% 27
\BOOKMARK [2][-]{subsection.6.1}{\376\377\000J\000u\000s\000t\000\040\000a\000\040\000f\000i\000g\000u\000r\000e}{section*.15}% 28
\BOOKMARK [2][-]{subsection.6.2}{\376\377\000S\000u\000b\000-\000f\000i\000g\000u\000r\000e\000s}{section*.15}% 29
\BOOKMARK [2][-]{subsection.6.3}{\376\377\000L\000a\000n\000d\000s\000c\000a\000p\000e\000\040\000F\000i\000g\000u\000r\000e}{section*.15}% 30
\BOOKMARK [2][-]{subsection.6.4}{\376\377\000H\000e\000r\000e\000\040\000i\000s\000\040\000a\000n\000\040\000e\000x\000a\000m\000p\000l\000e\000\040\000t\000h\000a\000t\000\040\000d\000o\000e\000s\000\040\000n\000o\000t\000\040\000a\000l\000w\000a\000y\000s\000\040\000w\000o\000r\000k}{section*.15}% 31
\BOOKMARK [1][-]{section*.23}{\376\377\000E\000x\000a\000m\000p\000l\000e\000s\000\040\000o\000f\000\040\000T\000a\000b\000l\000e\000s}{}% 32
\BOOKMARK [2][-]{subsection.7.1}{\376\377\000J\000u\000s\000t\000\040\000a\000\040\000T\000a\000b\000l\000e}{section*.23}% 33
\BOOKMARK [2][-]{subsection.7.2}{\376\377\000B\000i\000g\000\040\000t\000a\000b\000l\000e\000\040\000c\000h\000e\000c\000k}{section*.23}% 34
\BOOKMARK [2][-]{subsection.7.3}{\376\377\000T\000a\000b\000l\000e\000\040\000T\000h\000a\000t\000\040\000S\000p\000a\000n\000s\000\040\000T\000w\000o\000\040\000P\000a\000g\000e\000s}{section*.23}% 35
\BOOKMARK [2][-]{subsection.7.4}{\376\377\000L\000o\000n\000g\000\040\000p\000o\000r\000t\000r\000a\000i\000t\000\040\000t\000a\000b\000l\000e\000\040\000t\000h\000a\000t\000\040\000s\000p\000a\000n\000s\000\040\000m\000u\000l\000t\000i\000p\000l\000e\000\040\000p\000a\000g\000e\000s}{section*.23}% 36
\BOOKMARK [1][-]{section*.26}{\376\377\000E\000q\000u\000a\000t\000i\000o\000n\000s\000:\000\040\000s\000i\000m\000p\000l\000e\000\040\000a\000n\000d\000\040\000m\000o\000r\000e\000\040\000c\000o\000m\000p\000l\000i\000c\000a\000t\000e\000d\000\040\000e\000x\000a\000m\000p\000l\000e\000s\000.}{}% 37
\BOOKMARK [2][-]{subsection.8.1}{\376\377\000E\000q\000u\000a\000t\000i\000o\000n\000s}{section*.26}% 38
\BOOKMARK [2][-]{subsection.8.2}{\376\377\000L\000o\000n\000g\000\040\000E\000q\000u\000a\000t\000i\000o\000n\000\040\000o\000n\000\040\000T\000w\000o\000\040\000L\000i\000n\000e\000s}{section*.26}% 39
\BOOKMARK [1][-]{section*.27}{\376\377\000R\000e\000f\000e\000r\000e\000n\000c\000e\000s}{}% 40
\BOOKMARK [1][-]{section*.28}{\376\377\000S\000e\000l\000e\000c\000t\000e\000d\000\040\000B\000i\000b\000l\000i\000o\000g\000r\000a\000p\000h\000y}{}% 41
\BOOKMARK [1][-]{section*.29}{\376\377\000M\000a\000g\000i\000c\000a\000l\000\040\000E\000n\000c\000o\000d\000i\000n\000g\000\040\000A\000w\000e\000s\000o\000m\000e\000n\000e\000s\000s}{}% 42
\BOOKMARK [2][-]{subsection.A.1}{\376\377\000T\000e\000s\000t\000\040\000A\000p\000p\000e\000n\000d\000i\000x\000\040\000S\000u\000b\000-\000S\000e\000c\000t\000i\000o\000n}{section*.29}% 43
\BOOKMARK [2][-]{subsection.A.2}{\376\377\000T\000h\000i\000s\000\040\000s\000u\000b\000s\000e\000c\000t\000i\000o\000n\000\040\000w\000i\000l\000l\000\040\000f\000o\000l\000l\000o\000w\000\040\000o\000n\000\040\000a\000\040\000n\000e\000w\000\040\000p\000a\000g\000e\000\040\000t\000h\000a\000t\000\040\000i\000s\000\040\000p\000o\000r\000t\000r\000a\000i\000t}{section*.29}% 44
\BOOKMARK [1][-]{section*.31}{\376\377\000S\000p\000e\000c\000i\000a\000l\000\040\000C\000o\000o\000l\000n\000e\000s\000s\000.}{}% 45
\BOOKMARK [1][-]{section*.32}{\376\377\000C\000o\000p\000y\000r\000i\000g\000h\000t\000\040\000P\000e\000r\000m\000i\000s\000s\000i\000o\000n\000s}{}% 46
\BOOKMARK [2][-]{subsection.C.1}{\376\377\000X\000K\000C\000D}{section*.32}% 47
\BOOKMARK [2][-]{subsection.C.2}{\376\377\000P\000h\000d\000c\000o\000m\000i\000c\000s}{section*.32}% 48
\BOOKMARK [2][-]{subsection.C.3}{\376\377\000J\000o\000u\000r\000n\000a\000l\000\040\000A\000r\000t\000i\000c\000l\000e\000\040\0001}{section*.32}% 49
