This is pdfTeX, Version 3.141592653-2.6-1.40.28 (TeX Live 2025/Debian) (preloaded format=pdflatex 2026.5.22)  11 SEP 2026 12:30
entering extended mode
 restricted \write18 enabled.
 file:line:error style messages enabled.
 %&-line parsing enabled.
**/home/x/Workspace/thesis/mines-example-dissertation.tex
(/home/x/Workspace/thesis/mines-example-dissertation.tex
LaTeX2e <2025-11-01>
L3 programming layer <2026-01-19>
(/usr/share/texlive/texmf-dist/tex/latex/base/article.cls
Document Class: article 2025/01/22 v1.4n Standard LaTeX document class
(/usr/share/texlive/texmf-dist/tex/latex/base/size10.clo
File: size10.clo 2025/01/22 v1.4n Standard LaTeX file (size option)
)
\c@part=\count275
\c@section=\count276
\c@subsection=\count277
\c@subsubsection=\count278
\c@paragraph=\count279
\c@subparagraph=\count280
\c@figure=\count281
\c@table=\count282
\abovecaptionskip=\skip49
\belowcaptionskip=\skip50
\bibindent=\dimen148
) (./csm-thesis.sty
Package: csm-thesis 2020/01/10 v1.0 csm-thesis file
 (/usr/share/texlive/texmf-dist/tex/latex/setspace/setspace.sty
Package: setspace 2022/12/04 v6.7b set line spacing
) (./csm-style-files/csm-thesis-sanity.sty) (./csm-style-files/csm-thesis-environments.sty
\c@csm@abstract@words=\count283
\c@csm@longtable@pages=\count284
\c@csm@longtable@startpage=\count285
\c@csm@last@longtable@count=\count286
\temp@output@box=\box53
\csm@temp@header=\box54
\c@csm@sideways@depth=\count287
) (./csm-style-files/csm-thesis-title.sty (/usr/share/texlive/texmf-dist/tex/latex/textcase/textcase.sty
Package: textcase 2025/02/16 v1.05 Text only upper/lower case changing (DPC)
Package textcase Info: Defining Legacy names on input line 20.
)
\temp@box=\box55
\temp@trapezoid@box=\box56
\best@trapezoid@box=\box57
\last@trapezoid@box=\box58
\c@trap@push@temp=\count288
\temp@trapezoid@text=\toks17
\@tempwidth=\dimen149
\trapezoid@width@value=\dimen150
\trapezoid@new@width=\dimen151
\temp@line@width=\dimen152
\temp@line@height=\dimen153
\test@line@width=\dimen154
\c@trap@push@lineone=\count289
\c@titlewidth@lines=\count290
\c@titlewidth@cnt=\count291
\@titlewidth@max=\skip51
\@titlewidth@diff=\skip52
\@titlewidth@flex=\skip53
\@titlewidth=\skip54
\temp@pdftitle@text=\toks18
) (./csm-style-files/csm-thesis-lists.sty
\c@csm@list@i=\count292
\c@csm@list@j=\count293
\c@csm@list@k=\count294
\c@csm@list@length=\count295
\c@csm@list@strlen=\count296
\c@csm@list@strlenA=\count297
\c@csm@list@strlenB=\count298
\c@csm@list@findchar=\count299
\c@csm@list@findchar@i=\count300
\c@csm@list@char@A=\count301
\c@csm@list@char@B=\count302
\c@csm@list@char@temp=\count303
\c@csm@list@tempA=\count304
\c@csm@list@tempB=\count305
\temp@stripspace@text=\toks19
\c@csm@tocentry@count=\count306
\c@csm@num@tables=\count307
\c@csm@num@figures=\count308
\csm@temp@list@boxA=\box59
\csm@temp@list@boxB=\box60
\l@chapter@indent=\skip55
\l@appendix@indent=\skip56
\csm@contentsline@findkeylength@boxA=\box61
\csm@contentsline@findkeylength@boxB=\box62
\csm@contentsline@findkeylength@length=\skip57
) (./csm-style-files/csm-thesis-sections.sty
\c@csmsectionline=\count309
\csm@temp@box=\box63
\c@chapter=\count310
\c@appendix=\count311
\c@csm@redefined@appendix=\count312
\csm@redefined@appendix@saved=\count313
)
\c@csmpage=\count314
\c@truepage=\count315
\c@emptypage=\count316
 (/usr/share/texlive/texmf-dist/tex/latex/geometry/geometry.sty
Package: geometry 2020/01/02 v5.9 Page Geometry
 (/usr/share/texlive/texmf-dist/tex/latex/graphics/keyval.sty
Package: keyval 2022/05/29 v1.15 key=value parser (DPC)
\KV@toks@=\toks20
) (/usr/share/texlive/texmf-dist/tex/generic/iftex/ifvtex.sty
Package: ifvtex 2019/10/25 v1.7 ifvtex legacy package. Use iftex instead.
 (/usr/share/texlive/texmf-dist/tex/generic/iftex/iftex.sty
Package: iftex 2024/12/12 v1.0g TeX engine tests
))
\Gm@cnth=\count317
\Gm@cntv=\count318
\c@Gm@tempcnt=\count319
\Gm@bindingoffset=\dimen155
\Gm@wd@mp=\dimen156
\Gm@odd@mp=\dimen157
\Gm@even@mp=\dimen158
\Gm@layoutwidth=\dimen159
\Gm@layoutheight=\dimen160
\Gm@layouthoffset=\dimen161
\Gm@layoutvoffset=\dimen162
\Gm@dimlist=\toks21
) (/usr/share/texlive/texmf-dist/tex/latex/placeins/placeins.sty
Package: placeins 2005/04/18  v 2.2
)
\csm@titletext=\box64
\csm@saved@contents=\toks22
\c@csm@figure@heredefinitely=\count320
 (/usr/share/texlive/texmf-dist/tex/latex/float/float.sty
Package: float 2001/11/08 v1.3d Float enhancements (AL)
\c@float@type=\count321
\float@exts=\toks23
\float@box=\box65
\@float@everytoks=\toks24
\@floatcapt=\box66
) (/usr/share/texlive/texmf-dist/tex/latex/graphics/graphicx.sty
Package: graphicx 2024/12/31 v1.2e Enhanced LaTeX Graphics (DPC,SPQR)
 (/usr/share/texlive/texmf-dist/tex/latex/graphics/graphics.sty
Package: graphics 2024/08/06 v1.4g Standard LaTeX Graphics (DPC,SPQR)
 (/usr/share/texlive/texmf-dist/tex/latex/graphics/trig.sty
Package: trig 2023/12/02 v1.11 sin cos tan (DPC)
) (/usr/share/texlive/texmf-dist/tex/latex/graphics-cfg/graphics.cfg
File: graphics.cfg 2016/06/04 v1.11 sample graphics configuration
)
Package graphics Info: Driver file: pdftex.def on input line 106.
 (/usr/share/texlive/texmf-dist/tex/latex/graphics-def/pdftex.def
File: pdftex.def 2025/09/29 v1.2d Graphics/color driver for pdftex
))
\Gin@req@height=\dimen163
\Gin@req@width=\dimen164
)
\csm@table@indent=\skip58
\c@csm@label@j=\count322
\c@csm@label@k=\count323
\c@csm@label@count=\count324
 (/usr/share/texlive/texmf-dist/tex/latex/footmisc/footmisc.sty
Package: footmisc 2025/05/09 v7.0b a miscellany of footnote facilities
\FN@temptoken=\toks25
\footnotemargin=\dimen165
Package footmisc Info: Declaring symbol style bringhurst on input line 549.
Package footmisc Info: Declaring symbol style chicago on input line 557.
Package footmisc Info: Declaring symbol style wiley on input line 566.
Package footmisc Info: Declaring symbol style lamport-robust on input line 577.
Package footmisc Info: Declaring symbol style lamport* on input line 597.
Package footmisc Info: Declaring symbol style lamport*-robust on input line 618.
)
\c@csm@symbol@symbolnote=\count325
\c@csm@symbol@numberednote=\count326
 (/usr/share/texlive/texmf-dist/tex/latex/caption/caption.sty
Package: caption 2023/08/05 v3.6o Customizing captions (AR)
 (/usr/share/texlive/texmf-dist/tex/latex/caption/caption3.sty
Package: caption3 2023/07/31 v2.4d caption3 kernel (AR)
\caption@tempdima=\dimen166
\captionmargin=\dimen167
\caption@leftmargin=\dimen168
\caption@rightmargin=\dimen169
\caption@width=\dimen170
\caption@indent=\dimen171
\caption@parindent=\dimen172
\caption@hangindent=\dimen173
Package caption Info: Standard document class detected.
)
\c@caption@flags=\count327
\c@continuedfloat=\count328
Package caption Info: float package is loaded.
) (./csm-style-files/csm-thesis-compat.sty
\c@csm@multibib@job=\count329
) (/usr/share/texlive/texmf-dist/tex/latex/url/url.sty
\Urlmuskip=\muskip17
Package: url 2013/09/16  ver 3.4  Verb mode for urls, etc.
) (./csm-style-files/csm-thesis-encoding.sty
\c@csm@encoding@count=\count330
)) (/usr/share/texlive/texmf-dist/tex/latex/tools/array.sty
Package: array 2025/09/25 v2.6n Tabular extension package (FMi)
\col@sep=\dimen174
\ar@mcellbox=\box67
\extrarowheight=\dimen175
\NC@list=\toks26
\extratabsurround=\skip59
\backup@length=\skip60
\ar@cellbox=\box68
) (/usr/share/texlive/texmf-dist/tex/latex/tools/longtable.sty
Package: longtable 2025-10-13 v4.24 Multi-page Table package (DPC)
\LTleft=\skip61
\LTright=\skip62
\LTpre=\skip63
\LTpost=\skip64
\LTchunksize=\count331
\LTcapwidth=\dimen176
\LT@head=\box69
\LT@firsthead=\box70
\LT@foot=\box71
\LT@lastfoot=\box72
\LT@gbox=\box73
\LT@cols=\count332
\LT@rows=\count333
\c@LT@tables=\count334
\c@LT@chunks=\count335
\LT@p@ftn=\toks27
) (/usr/share/texlive/texmf-dist/tex/latex/natbib/natbib.sty
Package: natbib 2010/09/13 8.31b (PWD, AO)
\bibhang=\skip65
\bibsep=\skip66
LaTeX Info: Redefining \cite on input line 694.
\c@NAT@ctr=\count336
) (/usr/share/texlive/texmf-dist/tex/latex/hyperref/hyperref.sty
Package: hyperref 2025-07-12 v7.01o Hypertext links for LaTeX
 (/usr/share/texlive/texmf-dist/tex/latex/kvsetkeys/kvsetkeys.sty
Package: kvsetkeys 2022-10-05 v1.19 Key value parser (HO)
) (/usr/share/texlive/texmf-dist/tex/generic/kvdefinekeys/kvdefinekeys.sty
Package: kvdefinekeys 2019-12-19 v1.6 Define keys (HO)
) (/usr/share/texlive/texmf-dist/tex/generic/pdfescape/pdfescape.sty
Package: pdfescape 2019/12/09 v1.15 Implements pdfTeX's escape features (HO)
 (/usr/share/texlive/texmf-dist/tex/generic/ltxcmds/ltxcmds.sty
Package: ltxcmds 2023-12-04 v1.26 LaTeX kernel commands for general use (HO)
) (/usr/share/texlive/texmf-dist/tex/generic/pdftexcmds/pdftexcmds.sty
Package: pdftexcmds 2020-06-27 v0.33 Utility functions of pdfTeX for LuaTeX (HO)
 (/usr/share/texlive/texmf-dist/tex/generic/infwarerr/infwarerr.sty
Package: infwarerr 2019/12/03 v1.5 Providing info/warning/error messages (HO)
)
Package pdftexcmds Info: \pdf@primitive is available.
Package pdftexcmds Info: \pdf@ifprimitive is available.
Package pdftexcmds Info: \pdfdraftmode found.
)) (/usr/share/texlive/texmf-dist/tex/latex/hycolor/hycolor.sty
Package: hycolor 2020-01-27 v1.10 Color options for hyperref/bookmark (HO)
) (/usr/share/texlive/texmf-dist/tex/latex/hyperref/nameref.sty
Package: nameref 2025-06-21 v2.57 Cross-referencing by name of section
 (/usr/share/texlive/texmf-dist/tex/latex/refcount/refcount.sty
Package: refcount 2019/12/15 v3.6 Data extraction from label references (HO)
) (/usr/share/texlive/texmf-dist/tex/generic/gettitlestring/gettitlestring.sty
Package: gettitlestring 2019/12/15 v1.6 Cleanup title references (HO)
 (/usr/share/texlive/texmf-dist/tex/latex/kvoptions/kvoptions.sty
Package: kvoptions 2022-06-15 v3.15 Key value format for package options (HO)
))
\c@section@level=\count337
) (/usr/share/texlive/texmf-dist/tex/latex/etoolbox/etoolbox.sty
Package: etoolbox 2025/10/02 v2.5m e-TeX tools for LaTeX (JAW)
\etb@tempcnta=\count338
) (/usr/share/texlive/texmf-dist/tex/generic/stringenc/stringenc.sty
Package: stringenc 2019/11/29 v1.12 Convert strings between diff. encodings (HO)
)
\@linkdim=\dimen177
\Hy@linkcounter=\count339
\Hy@pagecounter=\count340
 (/usr/share/texlive/texmf-dist/tex/latex/hyperref/pd1enc.def
File: pd1enc.def 2025-07-12 v7.01o Hyperref: PDFDocEncoding definition (HO)
Now handling font encoding PD1 ...
... no UTF-8 mapping file for font encoding PD1
) (/usr/share/texlive/texmf-dist/tex/generic/intcalc/intcalc.sty
Package: intcalc 2019/12/15 v1.3 Expandable calculations with integers (HO)
)
\Hy@SavedSpaceFactor=\count341
 (/usr/share/texlive/texmf-dist/tex/latex/hyperref/puenc.def
File: puenc.def 2025-07-12 v7.01o Hyperref: PDF Unicode definition (HO)
Now handling font encoding PU ...
... no UTF-8 mapping file for font encoding PU
)
Package hyperref Info: Option `breaklinks' set `true' on input line 4066.
Package hyperref Info: Hyper figures OFF on input line 4195.
Package hyperref Info: Link nesting OFF on input line 4200.
Package hyperref Info: Hyper index ON on input line 4203.
Package hyperref Info: Plain pages OFF on input line 4210.
Package hyperref Info: Backreferencing OFF on input line 4215.
Package hyperref Info: Implicit mode ON; LaTeX internals redefined.
Package hyperref Info: Bookmarks ON on input line 4462.
\c@Hy@tempcnt=\count342
LaTeX Info: Redefining \url on input line 4801.
\XeTeXLinkMargin=\dimen178
 (/usr/share/texlive/texmf-dist/tex/generic/bitset/bitset.sty
Package: bitset 2019/12/09 v1.3 Handle bit-vector datatype (HO)
 (/usr/share/texlive/texmf-dist/tex/generic/bigintcalc/bigintcalc.sty
Package: bigintcalc 2019/12/15 v1.5 Expandable calculations on big integers (HO)
))
\Fld@menulength=\count343
\Field@Width=\dimen179
\Fld@charsize=\dimen180
Package hyperref Info: Hyper figures OFF on input line 6078.
Package hyperref Info: Link nesting OFF on input line 6083.
Package hyperref Info: Hyper index ON on input line 6086.
Package hyperref Info: backreferencing OFF on input line 6093.
Package hyperref Info: Link coloring OFF on input line 6098.
Package hyperref Info: Link coloring with OCG OFF on input line 6103.
Package hyperref Info: PDF/A mode OFF on input line 6108.
\Hy@abspage=\count344
\c@Item=\count345
\c@Hfootnote=\count346
)
Package hyperref Info: Driver (autodetected): hpdftex.
 (/usr/share/texlive/texmf-dist/tex/latex/hyperref/hpdftex.def
File: hpdftex.def 2025-07-12 v7.01o Hyperref driver for pdfTeX
\Fld@listcount=\count347
\c@bookmark@seq@number=\count348
 (/usr/share/texlive/texmf-dist/tex/latex/rerunfilecheck/rerunfilecheck.sty
Package: rerunfilecheck 2025-06-21 v1.11 Rerun checks for auxiliary files (HO)
 (/usr/share/texlive/texmf-dist/tex/generic/uniquecounter/uniquecounter.sty
Package: uniquecounter 2019/12/15 v1.4 Provide unlimited unique counter (HO)
)
Package uniquecounter Info: New unique counter `rerunfilecheck' on input line 284.
)
\Hy@SectionHShift=\skip67
) (/usr/share/texlive/texmf-dist/tex/latex/pdflscape/pdflscape.sty
Package: pdflscape 2025-06-23 v0.14 Display of landscape pages in PDF
 (/usr/share/texlive/texmf-dist/tex/latex/pdflscape/pdflscape-nometadata.sty
Package: pdflscape-nometadata 2025-06-23 v0.14 Display of landscape pages in PDF (HO)
 (/usr/share/texlive/texmf-dist/tex/latex/graphics/lscape.sty
Package: lscape 2020/05/28 v3.02 Landscape Pages (DPC)
)
Package pdflscape Info: Auto-detected driver: pdftex on input line 81.
)) (/usr/share/texlive/texmf-dist/tex/latex/amsmath/amsmath.sty
Package: amsmath 2025/07/09 v2.17z AMS math features
\@mathmargin=\skip68

For additional information on amsmath, use the `?' option.
(/usr/share/texlive/texmf-dist/tex/latex/amsmath/amstext.sty
Package: amstext 2024/11/17 v2.01 AMS text
 (/usr/share/texlive/texmf-dist/tex/latex/amsmath/amsgen.sty
File: amsgen.sty 1999/11/30 v2.0 generic functions
\@emptytoks=\toks28
\ex@=\dimen181
)) (/usr/share/texlive/texmf-dist/tex/latex/amsmath/amsbsy.sty
Package: amsbsy 1999/11/29 v1.2d Bold Symbols
\pmbraise@=\dimen182
) (/usr/share/texlive/texmf-dist/tex/latex/amsmath/amsopn.sty
Package: amsopn 2022/04/08 v2.04 operator names
)
\inf@bad=\count349
LaTeX Info: Redefining \frac on input line 233.
\uproot@=\count350
\leftroot@=\count351
LaTeX Info: Redefining \overline on input line 398.
LaTeX Info: Redefining \colon on input line 409.
\classnum@=\count352
\DOTSCASE@=\count353
LaTeX Info: Redefining \ldots on input line 495.
LaTeX Info: Redefining \dots on input line 498.
LaTeX Info: Redefining \cdots on input line 619.
\Mathstrutbox@=\box74
\strutbox@=\box75
LaTeX Info: Redefining \big on input line 721.
LaTeX Info: Redefining \Big on input line 722.
LaTeX Info: Redefining \bigg on input line 723.
LaTeX Info: Redefining \Bigg on input line 724.
\big@size=\dimen183
LaTeX Font Info:    Redeclaring font encoding OML on input line 742.
LaTeX Font Info:    Redeclaring font encoding OMS on input line 743.
\macc@depth=\count354
LaTeX Info: Redefining \bmod on input line 904.
LaTeX Info: Redefining \pmod on input line 909.
LaTeX Info: Redefining \smash on input line 939.
LaTeX Info: Redefining \relbar on input line 969.
LaTeX Info: Redefining \Relbar on input line 970.
\c@MaxMatrixCols=\count355
\dotsspace@=\muskip18
\c@parentequation=\count356
\dspbrk@lvl=\count357
\tag@help=\toks29
\row@=\count358
\column@=\count359
\maxfields@=\count360
\andhelp@=\toks30
\eqnshift@=\dimen184
\alignsep@=\dimen185
\tagshift@=\dimen186
\tagwidth@=\dimen187
\totwidth@=\dimen188
\lineht@=\dimen189
\@envbody=\toks31
\multlinegap=\skip69
\multlinetaggap=\skip70
\mathdisplay@stack=\toks32
LaTeX Info: Redefining \[ on input line 2950.
LaTeX Info: Redefining \] on input line 2951.
) (/usr/share/texlive/texmf-dist/tex/latex/listings/listings.sty
\lst@mode=\count361
\lst@gtempboxa=\box76
\lst@token=\toks33
\lst@length=\count362
\lst@currlwidth=\dimen190
\lst@column=\count363
\lst@pos=\count364
\lst@lostspace=\dimen191
\lst@width=\dimen192
\lst@newlines=\count365
\lst@lineno=\count366
\lst@maxwidth=\dimen193
 (/usr/share/texlive/texmf-dist/tex/latex/listings/lstpatch.sty
File: lstpatch.sty 2025/11/14 1.11b (Carsten Heinz)
) (/usr/share/texlive/texmf-dist/tex/latex/listings/lstmisc.sty
File: lstmisc.sty 2025/11/14 1.11b (Carsten Heinz)
\c@lstnumber=\count367
\lst@skipnumbers=\count368
\lst@framebox=\box77
) (/usr/share/texlive/texmf-dist/tex/latex/listings/listings.cfg
File: listings.cfg 2025/11/14 1.11b listings configuration
))
Package: listings 2025/11/14 1.11b (Carsten Heinz)

==> First Aid for listings.sty no longer applied!
    Expected:
        2024/09/23 1.10c (Carsten Heinz)
    but found:
        2025/11/14 1.11b (Carsten Heinz)
    so I'm assuming it got fixed.
(/usr/share/texlive/texmf-dist/tex/latex/graphics/rotating.sty
Package: rotating 2025/01/14 v2.16e rotated objects in LaTeX
 (/usr/share/texlive/texmf-dist/tex/latex/base/ifthen.sty
Package: ifthen 2024/03/16 v1.1e Standard LaTeX ifthen package (DPC)
)
\c@r@tfl@t=\count369
\rotFPtop=\skip71
\rotFPbot=\skip72
\rot@float@box=\box78
\rot@mess@toks=\toks34
) (/usr/share/texlive/texmf-dist/tex/latex/lipsum/lipsum.sty (/usr/share/texlive/texmf-dist/tex/latex/l3packages/l3keys2e/l3keys2e.sty (/usr/share/texlive/texmf-dist/tex/latex/l3kernel/expl3.sty
Package: expl3 2026-01-19 L3 programming layer (loader) 
 (/usr/share/texlive/texmf-dist/tex/latex/l3backend/l3backend-pdftex.def
File: l3backend-pdftex.def 2025-10-09 L3 backend support: PDF output (pdfTeX)
\l__color_backend_stack_int=\count370
))
Package: l3keys2e 2025-10-09 LaTeX2e option processing using LaTeX3 keys
)
Package: lipsum 2021-09-20 v2.7 150 paragraphs of Lorem Ipsum dummy text
\g__lipsum_par_int=\count371
\l__lipsum_a_int=\count372
\l__lipsum_b_int=\count373
 (/usr/share/texlive/texmf-dist/tex/latex/lipsum/lipsum.ltd.tex)) (./my-Equations.sty
Package: my-Equations 2020
 (/usr/share/texlive/texmf-dist/tex/latex/jknapltx/mathrsfs.sty
Package: mathrsfs 1996/01/01 Math RSFS package v1.0 (jk)
\symrsfs=\mathgroup4
))
\csm@temp@endhead=\box79
 (/usr/share/texlive/texmf-dist/tex/latex/subfig/subfig.sty
Package: subfig 2005/06/28 ver: 1.3 subfig package
\c@KVtest=\count374
\sf@farskip=\skip73
\sf@captopadj=\dimen194
\sf@capskip=\skip74
\sf@nearskip=\skip75
\c@subfigure=\count375
\c@subfigure@save=\count376
\c@lofdepth=\count377
\c@subtable=\count378
\c@subtable@save=\count379
\c@lotdepth=\count380
\sf@top=\skip76
\sf@bottom=\skip77
) (./mines-example-dissertation.aux
\c@csm@longtable@21@pages=\count381
\c@csm@longtable@23@pages=\count382
\c@csm@longtable@26@pages=\count383
\c@csm@longtable@34@pages=\count384
\c@csm@longtable@36@pages=\count385
\csm@redefined@appendix@saved=\count386
\csm@appendicies=\count387
)
\openout1 = `mines-example-dissertation.aux'.

LaTeX Font Info:    Checking defaults for OML/cmm/m/it on input line 57.
LaTeX Font Info:    ... okay on input line 57.
LaTeX Font Info:    Checking defaults for OMS/cmsy/m/n on input line 57.
LaTeX Font Info:    ... okay on input line 57.
LaTeX Font Info:    Checking defaults for OT1/cmr/m/n on input line 57.
LaTeX Font Info:    ... okay on input line 57.
LaTeX Font Info:    Checking defaults for T1/cmr/m/n on input line 57.
LaTeX Font Info:    ... okay on input line 57.
LaTeX Font Info:    Checking defaults for TS1/cmr/m/n on input line 57.
LaTeX Font Info:    ... okay on input line 57.
LaTeX Font Info:    Checking defaults for OMX/cmex/m/n on input line 57.
LaTeX Font Info:    ... okay on input line 57.
LaTeX Font Info:    Checking defaults for U/cmr/m/n on input line 57.
LaTeX Font Info:    ... okay on input line 57.
LaTeX Font Info:    Checking defaults for PD1/pdf/m/n on input line 57.
LaTeX Font Info:    ... okay on input line 57.
LaTeX Font Info:    Checking defaults for PU/pdf/m/n on input line 57.
LaTeX Font Info:    ... okay on input line 57.
 (./mines-example-dissertation.lot) (./mines-example-dissertation.lof)
*geometry* driver: auto-detecting
*geometry* detected driver: pdftex
*geometry* verbose mode - [ preamble ] result:
* driver: pdftex
* paper: letterpaper
* layout: <same size as paper>
* layoutoffset:(h,v)=(0.0pt,0.0pt)
* modes: 
* h-part:(L,W,R)=(72.26999pt, 469.75502pt, 72.26999pt)
* v-part:(T,H,B)=(72.26999pt, 650.43001pt, 72.26999pt)
* \paperwidth=614.295pt
* \paperheight=794.96999pt
* \textwidth=469.75502pt
* \textheight=650.43001pt
* \oddsidemargin=0.0pt
* \evensidemargin=0.0pt
* \topmargin=0.0pt
* \headheight=0.0pt
* \headsep=0.0pt
* \topskip=10.0pt
* \footskip=36.135pt
* \marginparwidth=65.0pt
* \marginparsep=11.0pt
* \columnsep=10.0pt
* \skip\footins=9.0pt plus 4.0pt minus 2.0pt
* \hoffset=0.0pt
* \voffset=0.0pt
* \mag=1000
* \@twocolumnfalse
* \@twosidefalse
* \@mparswitchfalse
* \@reversemarginfalse
* (1in=72.27pt=25.4mm, 1cm=28.453pt)

(/usr/share/texlive/texmf-dist/tex/context/base/mkii/supp-pdf.mkii
[Loading MPS to PDF converter (version 2006.09.02).]
\scratchcounter=\count388
\scratchdimen=\dimen195
\scratchbox=\box80
\nofMPsegments=\count389
\nofMParguments=\count390
\everyMPshowfont=\toks35
\MPscratchCnt=\count391
\MPscratchDim=\dimen196
\MPnumerator=\count392
\makeMPintoPDFobject=\count393
\everyMPtoPDFconversion=\toks36
) (/usr/share/texlive/texmf-dist/tex/latex/epstopdf-pkg/epstopdf-base.sty
Package: epstopdf-base 2020-01-24 v2.11 Base part for package epstopdf
Package epstopdf-base Info: Redefining graphics rule for `.eps' on input line 485.
 (/usr/share/texlive/texmf-dist/tex/latex/latexconfig/epstopdf-sys.cfg
File: epstopdf-sys.cfg 2010/07/13 v1.3 Configuration of (r)epstopdf for TeX Live
))
Package caption Info: Begin \AtBeginDocument code.
Package caption Info: subfig package v1.3 is loaded.
Package caption Info: hyperref package is loaded.
Package caption Info: listings package is loaded.
Package caption Info: longtable package is loaded.
 (/usr/share/texlive/texmf-dist/tex/latex/caption/ltcaption.sty
Package: ltcaption 2021/01/08 v1.4c longtable captions (AR)
)
Package caption Info: rotating package is loaded.
Package caption Info: End \AtBeginDocument code.
   defining Unicode char U+03BC (decimal 956)
   defining Unicode char U+2010 (decimal 8208)
Package hyperref Info: Link coloring OFF on input line 57.
 (./mines-example-dissertation.out) (./mines-example-dissertation.out)
\@outlinefile=\write3
\openout3 = `mines-example-dissertation.out'.

\c@lstlisting=\count394
LaTeX Font Info:    Trying to load font information for U+rsfs on input line 67.
 (/usr/share/texlive/texmf-dist/tex/latex/jknapltx/ursfs.fd
File: ursfs.fd 1998/03/24 rsfs font definition file (jk)
) [1

{/var/lib/texmf/fonts/map/pdftex/updmap/pdftex.map}] [2{/usr/share/texmf/fonts/enc/dvips/cm-super/cm-super-ts1.enc}] [2] (./chapter/i-abstract.tex

Package lipsum Warning: Unknown language 'latin'. Hyphenation patterns for
(lipsum)                'english' will be used instead.

) [3] (./mines-example-dissertation.toc [4])
\tf@toc=\write4
\openout4 = `mines-example-dissertation.toc'.

 [5] (./mines-example-dissertation.lof)
\tf@lof=\write5
\openout5 = `mines-example-dissertation.lof'.

 [6] (./mines-example-dissertation.lot
LaTeX Font Info:    Trying to load font information for OMS+cmr on input line 2.
 (/usr/share/texlive/texmf-dist/tex/latex/base/omscmr.fd
File: omscmr.fd 2024/11/19 v2.5n Standard LaTeX font definitions
)
LaTeX Font Info:    Font shape `OMS/cmr/m/n' in size <10> not available
(Font)              Font shape `OMS/cmsy/m/n' tried instead on input line 2.
)
\tf@lot=\write6
\openout6 = `mines-example-dissertation.lot'.

 [7] (./mines-example-dissertation.los)
\tf@los=\write7
\openout7 = `mines-example-dissertation.los'.

 (./mines-example-dissertation.GeneralNomenclature)
\tf@GeneralNomenclature=\write8
\openout8 = `mines-example-dissertation.GeneralNomenclature'.

 [8] (./mines-example-dissertation.loabbrv)
\tf@loabbrv=\write9
\openout9 = `mines-example-dissertation.loabbrv'.

 [9] (./supporting-files/symbols-and-abbreviations.tex) [10] [11] (./chapter/00-Introduction.tex) (./chapter/01-chapter-structure.tex [1

] [2

]) (./chapter/02-another-chapter.tex [3]
<./figures/image-01-million_billion_trillion.png, id=405, 461.725pt x 303.1325pt>
File: ./figures/image-01-million_billion_trillion.png Graphic file (type png)
<use ./figures/image-01-million_billion_trillion.png>
Package pdftex.def Info: ./figures/image-01-million_billion_trillion.png  used on input line 15.
(pdftex.def)             Requested size: 328.82707pt x 215.88239pt.
<./figures/image-02-phd092809s.png, id=417, 602.25pt x 411.5375pt>
File: ./figures/image-02-phd092809s.png Graphic file (type png)
<use ./figures/image-02-phd092809s.png>
Package pdftex.def Info: ./figures/image-02-phd092809s.png  used on input line 32.
(pdftex.def)             Requested size: 602.24852pt x 411.5365pt.
 [4

 <./figures/image-01-million_billion_trillion.png>]) (./chapter/03-Journal-Chapter.tex [5 <./figures/image-02-phd092809s.png>]) (./chapter/04-Journal-Chapter.tex [6

] [7]) (./chapter/05-Figure-Examples.tex [8

]
<figures/image-05photo_library_management.png, id=463, 578.16pt x 455.7025pt>
File: figures/image-05photo_library_management.png Graphic file (type png)
<use figures/image-05photo_library_management.png>
Package pdftex.def Info: figures/image-05photo_library_management.png  used on input line 9.
(pdftex.def)             Requested size: 578.15858pt x 455.70137pt.
<figures/image-03.png, id=467, 570.13pt x 546.04pt>
File: figures/image-03.png Graphic file (type png)
<use figures/image-03.png>
Package pdftex.def Info: figures/image-03.png  used on input line 17.
(pdftex.def)             Requested size: 234.8775pt x 224.95265pt.
 [9

 <./figures/image-05photo_library_management.png>]
<figures/IMG_2375.JPG, id=478, 4769.82pt x 3179.88pt>
File: figures/IMG_2375.JPG Graphic file (type jpg)
<use figures/IMG_2375.JPG>
Package pdftex.def Info: figures/IMG_2375.JPG  used on input line 32.
(pdftex.def)             Requested size: 289.07999pt x 192.67688pt.
<./figures//try-me/ESD_1600-768x405.png, id=479, 770.88pt x 406.51875pt>
File: ./figures//try-me/ESD_1600-768x405.png Graphic file (type png)
<use ./figures//try-me/ESD_1600-768x405.png>
Package pdftex.def Info: ./figures//try-me/ESD_1600-768x405.png  used on input line 36.
(pdftex.def)             Requested size: 770.87813pt x 406.51775pt.
File: figures/IMG_2375.JPG Graphic file (type jpg)
<use figures/IMG_2375.JPG>
Package pdftex.def Info: figures/IMG_2375.JPG  used on input line 49.
(pdftex.def)             Requested size: 180.67499pt x 120.42912pt.
File: ./figures//try-me/ESD_1600-768x405.png Graphic file (type png)
<use ./figures//try-me/ESD_1600-768x405.png>
Package pdftex.def Info: ./figures//try-me/ESD_1600-768x405.png  used on input line 53.
(pdftex.def)             Requested size: 770.87813pt x 406.51775pt.
 [10 <./figures/image-03.png>] [11 <./figures/IMG_2375.JPG> <./figures//try-me/ESD_1600-768x405.png>] [12]
<./figures/image-04.png, id=510, 593.21625pt x 318.18875pt>
File: ./figures/image-04.png Graphic file (type png)
<use ./figures/image-04.png>
Package pdftex.def Info: ./figures/image-04.png  used on input line 68.
(pdftex.def)             Requested size: 650.43001pt x 348.892pt.

Overfull \hbox (36.135pt too wide) has occurred while \output is active
 [] 
 []

[13 <./figures/image-04.png>]
<./figures/image-03.png, id=517, 570.13pt x 546.04pt>
File: ./figures/image-03.png Graphic file (type png)
<use ./figures/image-03.png>
Package pdftex.def Info: ./figures/image-03.png  used on input line 81.
(pdftex.def)             Requested size: 469.75502pt x 449.90532pt.
 [14


] [15 <./figures/image-03.png>] [16] [17]
<figures/20120-04-16-YoutubeLiquidInstuments.pdf, id=538, 751.30504pt x 1252.35384pt>
File: figures/20120-04-16-YoutubeLiquidInstuments.pdf Graphic file (type pdf)
<use figures/20120-04-16-YoutubeLiquidInstuments.pdf>
Package pdftex.def Info: figures/20120-04-16-YoutubeLiquidInstuments.pdf  used on input line 106.
(pdftex.def)             Requested size: 351.18747pt x 585.38303pt.
 [18


 <./figures/20120-04-16-YoutubeLiquidInstuments.pdf>]) (./chapter/06-Table-Examples.tex [19


] [20] [21]
Overfull \hbox (36.135pt too wide) has occurred while \output is active
 [] 
 []

[22

]
Overfull \hbox (36.135pt too wide) has occurred while \output is active
 [] 
 []

[23]
./chapter/06-Table-Examples.tex:252: ignored error: Infinite glue shrinkage found in box being split [24

]
./chapter/06-Table-Examples.tex:252: ignored error: Infinite glue shrinkage found in box being split [25]
./chapter/06-Table-Examples.tex:252: ignored error: Infinite glue shrinkage found in box being split [26]
./chapter/06-Table-Examples.tex:368: ignored error: Infinite glue shrinkage found in box being split [27]
./chapter/06-Table-Examples.tex:368: ignored error: Infinite glue shrinkage found in box being split [28]) (./chapter/07-Equations.tex [29]
Overfull \hbox (84.57625pt too wide) detected at line 40
[][][]\OT1/cmr/bx/n/10 P[]\OT1/cmr/m/n/10 (\OML/cmm/m/it/10 ![] \OT1/cmr/m/n/10 + \OML/cmm/m/it/10 ![]\OT1/cmr/m/n/10 ) = \OML/cmm/m/it/10 ^^_[]\OT1/cmr/m/n/10 (\OML/cmm/m/it/10 ![]; ![]\OT1/cmr/m/n/10 ) [] + \OML/cmm/m/it/10 ^^_[]\OT1/cmr/m/n/10 (\OML/cmm/m/it/10 ![]; ![]\OT1/cmr/m/n/10 ) []
 []

[30

]) [31] (./mines-example-dissertation.bbl) [32

] (./chapter/A-Appendix.tex [33

] [34

]
Overfull \hbox (36.135pt too wide) has occurred while \output is active
 [] 
 []

[35

]
Overfull \hbox (36.135pt too wide) has occurred while \output is active
 [] 
 []

[36]
Overfull \hbox (36.135pt too wide) has occurred while \output is active
 [] 
 []

[37


]) (./chapter/B-Appendix.tex [38

] (/usr/share/texlive/texmf-dist/tex/latex/listings/lstlang1.sty
File: lstlang1.sty 2025/11/14 1.11b listings language file
)
Package hyperref Info: bookmark level for unknown lstlisting defaults to 0 on input line 5.
 (./supporting-files/matlab_code.m)) (./chapter/C-Appendix.tex [39

]
<figures/Copy-Right-Permissions/XKCD-permission.PNG, id=745, 560.0925pt x 148.75575pt>
File: figures/Copy-Right-Permissions/XKCD-permission.PNG Graphic file (type png)
<use figures/Copy-Right-Permissions/XKCD-permission.PNG>
Package pdftex.def Info: figures/Copy-Right-Permissions/XKCD-permission.PNG  used on input line 14.
(pdftex.def)             Requested size: 469.75502pt x 124.76784pt.
) [40

 <./figures/Copy-Right-Permissions/XKCD-permission.PNG>] (./mines-example-dissertation.aux
\csm@redefined@appendix@saved=\count395
\csm@appendicies=\count396
)
 ***********
LaTeX2e <2025-11-01>
L3 programming layer <2026-01-19>
 ***********
Package rerunfilecheck Info: File `mines-example-dissertation.out' has not changed.
(rerunfilecheck)             Checksum: 53FA031650F98F9447ABA08566468398;10728.
 ) 
Here is how much of TeX's memory you used:
 16592 strings out of 469338
 270587 string characters out of 5465537
 1007125 words of memory out of 5000000
 44811 multiletter control sequences out of 15000+600000
 635320 words of font info for 68 fonts, out of 8000000 for 9000
 107 hyphenation exceptions out of 8191
 77i,15n,251p,2046b,1768s stack positions out of 10000i,1000n,20000p,200000b,200000s
</usr/share/texlive/texmf-dist/fonts/type1/public/amsfonts/cm/cmbx10.pfb></usr/share/texlive/texmf-dist/fonts/type1/public/amsfonts/cm/cmbx9.pfb></usr/share/texlive/texmf-dist/fonts/type1/public/amsfonts/cm/cmbxti10.pfb></usr/share/texlive/texmf-dist/fonts/type1/public/amsfonts/cm/cmex10.pfb></usr/share/texlive/texmf-dist/fonts/type1/public/amsfonts/cm/cmmi10.pfb></usr/share/texlive/texmf-dist/fonts/type1/public/amsfonts/cm/cmmi7.pfb></usr/share/texlive/texmf-dist/fonts/type1/public/amsfonts/cm/cmr10.pfb></usr/share/texlive/texmf-dist/fonts/type1/public/amsfonts/cm/cmr6.pfb></usr/share/texlive/texmf-dist/fonts/type1/public/amsfonts/cm/cmr7.pfb></usr/share/texlive/texmf-dist/fonts/type1/public/amsfonts/cm/cmr8.pfb></usr/share/texlive/texmf-dist/fonts/type1/public/amsfonts/cm/cmr9.pfb></usr/share/texlive/texmf-dist/fonts/type1/public/amsfonts/cm/cmsy10.pfb></usr/share/texlive/texmf-dist/fonts/type1/public/amsfonts/cm/cmsy7.pfb></usr/share/texlive/texmf-dist/fonts/type1/public/amsfonts/cm/cmti10.pfb></usr/share/texlive/texmf-dist/fonts/type1/public/amsfonts/cm/cmti9.pfb></usr/share/texlive/texmf-dist/fonts/type1/public/amsfonts/cm/cmtt10.pfb></usr/share/texmf/fonts/type1/public/cm-super/sfbx1000.pfb></usr/share/texmf/fonts/type1/public/cm-super/sfrm1000.pfb>
Output written on mines-example-dissertation.pdf (52 pages, 2154027 bytes).
PDF statistics:
 868 PDF objects out of 1000 (max. 8388607)
 730 compressed objects within 8 object streams
 162 named destinations out of 1000 (max. 500000)
 443 words of extra memory for PDF output out of 10000 (max. 10000000)

